PREHOOK: query: drop table foo
PREHOOK: type: DROPTABLE
POSTHOOK: query: drop table foo
POSTHOOK: type: DROPTABLE
PREHOOK: query: create table foo (i int) partitioned by (s string)
PREHOOK: type: CREATETABLE
PREHOOK: Output: database:default
PREHOOK: Output: default@foo
POSTHOOK: query: create table foo (i int) partitioned by (s string)
POSTHOOK: type: CREATETABLE
POSTHOOK: Output: database:default
POSTHOOK: Output: default@foo
PREHOOK: query: insert overwrite table foo partition(s='foo') select cint from alltypesorc limit 10
PREHOOK: type: QUERY
PREHOOK: Input: default@alltypesorc
PREHOOK: Output: default@foo@s=foo
POSTHOOK: query: insert overwrite table foo partition(s='foo') select cint from alltypesorc limit 10
POSTHOOK: type: QUERY
POSTHOOK: Input: default@alltypesorc
POSTHOOK: Output: default@foo@s=foo
POSTHOOK: Lineage: foo PARTITION(s=foo).i SIMPLE [(alltypesorc)alltypesorc.FieldSchema(name:cint, type:int, comment:null), ]
PREHOOK: query: insert overwrite table foo partition(s='bar') select cint from alltypesorc limit 10
PREHOOK: type: QUERY
PREHOOK: Input: default@alltypesorc
PREHOOK: Output: default@foo@s=bar
POSTHOOK: query: insert overwrite table foo partition(s='bar') select cint from alltypesorc limit 10
POSTHOOK: type: QUERY
POSTHOOK: Input: default@alltypesorc
POSTHOOK: Output: default@foo@s=bar
POSTHOOK: Lineage: foo PARTITION(s=bar).i SIMPLE [(alltypesorc)alltypesorc.FieldSchema(name:cint, type:int, comment:null), ]
PREHOOK: query: explain
select *
from foo f1
join part p1 on (p1.p_partkey = f1.i)
join foo f2 on (f1.i = f2.i)
where f1.s='foo' and f2.s='bar'
PREHOOK: type: QUERY
POSTHOOK: query: explain
select *
from foo f1
join part p1 on (p1.p_partkey = f1.i)
join foo f2 on (f1.i = f2.i)
where f1.s='foo' and f2.s='bar'
POSTHOOK: type: QUERY
Plan optimized by CBO.

Vertex dependency in root stage
Reducer 2 <- Map 1 (SIMPLE_EDGE), Map 4 (SIMPLE_EDGE)
Reducer 3 <- Map 5 (SIMPLE_EDGE), Reducer 2 (SIMPLE_EDGE)

Stage-0
  Fetch Operator
    limit:-1
    Stage-1
      Reducer 3
      File Output Operator [FS_16]
        Select Operator [SEL_15] (rows=30 width=126)
          Output:["_col0","_col1","_col2","_col3","_col4","_col5","_col6","_col7","_col8","_col9","_col10","_col11","_col12"]
          Merge Join Operator [MERGEJOIN_26] (rows=30 width=126)
            Conds:RS_12._col9=RS_13._col0(Inner),Output:["_col0","_col1","_col2","_col3","_col4","_col5","_col6","_col7","_col8","_col9","_col11"]
          <-Map 5 [SIMPLE_EDGE]
            SHUFFLE [RS_13]
              PartitionCols:_col0
              Select Operator [SEL_8] (rows=10 width=9)
                Output:["_col0"]
                Filter Operator [FIL_24] (rows=10 width=9)
                  predicate:i is not null
                  TableScan [TS_6] (rows=10 width=9)
                    default@foo,f2,Tbl:COMPLETE,Col:NONE,Output:["i"]
          <-Reducer 2 [SIMPLE_EDGE]
            SHUFFLE [RS_12]
              PartitionCols:_col9
              Merge Join Operator [MERGEJOIN_25] (rows=28 width=123)
                Conds:RS_9._col0=RS_10._col0(Inner),Output:["_col0","_col1","_col2","_col3","_col4","_col5","_col6","_col7","_col8","_col9"]
              <-Map 1 [SIMPLE_EDGE]
                SHUFFLE [RS_9]
                  PartitionCols:_col0
                  Select Operator [SEL_2] (rows=26 width=121)
                    Output:["_col0","_col1","_col2","_col3","_col4","_col5","_col6","_col7","_col8"]
                    Filter Operator [FIL_22] (rows=26 width=121)
                      predicate:p_partkey is not null
                      TableScan [TS_0] (rows=26 width=121)
                        default@part,p1,Tbl:COMPLETE,Col:NONE,Output:["p_partkey","p_name","p_mfgr","p_brand","p_type","p_size","p_container","p_retailprice","p_comment"]
              <-Map 4 [SIMPLE_EDGE]
                SHUFFLE [RS_10]
                  PartitionCols:_col0
                  Select Operator [SEL_5] (rows=10 width=9)
                    Output:["_col0"]
                    Filter Operator [FIL_23] (rows=10 width=9)
                      predicate:i is not null
                      TableScan [TS_3] (rows=10 width=9)
                        default@foo,f1,Tbl:COMPLETE,Col:NONE,Output:["i"]

PREHOOK: query: explain
select *
from foo f1
join part p1 on (p1.p_partkey = f1.i)
join foo f2 on (f1.i = f2.i)
where f1.s='foo' and f2.s='foo'
PREHOOK: type: QUERY
POSTHOOK: query: explain
select *
from foo f1
join part p1 on (p1.p_partkey = f1.i)
join foo f2 on (f1.i = f2.i)
where f1.s='foo' and f2.s='foo'
POSTHOOK: type: QUERY
Plan optimized by CBO.

Vertex dependency in root stage
Reducer 2 <- Map 1 (SIMPLE_EDGE), Map 4 (SIMPLE_EDGE)
Reducer 3 <- Map 4 (SIMPLE_EDGE), Reducer 2 (SIMPLE_EDGE)

Stage-0
  Fetch Operator
    limit:-1
    Stage-1
      Reducer 3
      File Output Operator [FS_16]
        Select Operator [SEL_15] (rows=30 width=126)
          Output:["_col0","_col1","_col2","_col3","_col4","_col5","_col6","_col7","_col8","_col9","_col10","_col11","_col12"]
          Merge Join Operator [MERGEJOIN_26] (rows=30 width=126)
            Conds:RS_12._col9=RS_13._col0(Inner),Output:["_col0","_col1","_col2","_col3","_col4","_col5","_col6","_col7","_col8","_col9","_col11"]
          <-Map 4 [SIMPLE_EDGE]
            SHUFFLE [RS_13]
              PartitionCols:_col0
              Select Operator [SEL_5] (rows=10 width=9)
                Output:["_col0"]
                Filter Operator [FIL_23] (rows=10 width=9)
                  predicate:i is not null
                  TableScan [TS_3] (rows=10 width=9)
                    default@foo,f1,Tbl:COMPLETE,Col:NONE,Output:["i"]
          <-Reducer 2 [SIMPLE_EDGE]
            SHUFFLE [RS_12]
              PartitionCols:_col9
              Merge Join Operator [MERGEJOIN_25] (rows=28 width=123)
                Conds:RS_9._col0=RS_10._col0(Inner),Output:["_col0","_col1","_col2","_col3","_col4","_col5","_col6","_col7","_col8","_col9"]
              <-Map 4 [SIMPLE_EDGE]
                SHUFFLE [RS_10]
                  PartitionCols:_col0
                   Please refer to the previous Select Operator [SEL_5]
              <-Map 1 [SIMPLE_EDGE]
                SHUFFLE [RS_9]
                  PartitionCols:_col0
                  Select Operator [SEL_2] (rows=26 width=121)
                    Output:["_col0","_col1","_col2","_col3","_col4","_col5","_col6","_col7","_col8"]
                    Filter Operator [FIL_22] (rows=26 width=121)
                      predicate:p_partkey is not null
                      TableScan [TS_0] (rows=26 width=121)
                        default@part,p1,Tbl:COMPLETE,Col:NONE,Output:["p_partkey","p_name","p_mfgr","p_brand","p_type","p_size","p_container","p_retailprice","p_comment"]

PREHOOK: query: drop table foo
PREHOOK: type: DROPTABLE
PREHOOK: Input: default@foo
PREHOOK: Output: default@foo
POSTHOOK: query: drop table foo
POSTHOOK: type: DROPTABLE
POSTHOOK: Input: default@foo
POSTHOOK: Output: default@foo
