PREHOOK: query: create database if not exists sbx_millerbarr
PREHOOK: type: CREATEDATABASE
PREHOOK: Output: database:sbx_millerbarr
POSTHOOK: query: create database if not exists sbx_millerbarr
POSTHOOK: type: CREATEDATABASE
POSTHOOK: Output: database:sbx_millerbarr
PREHOOK: query: drop table if exists sbx_millerbarr.d_calendar
PREHOOK: type: DROPTABLE
POSTHOOK: query: drop table if exists sbx_millerbarr.d_calendar
POSTHOOK: type: DROPTABLE
PREHOOK: query: create table sbx_millerbarr.d_calendar as
select 1 as intVal, '2' as stringVal
union all
select 1 as intVale, '3' as stringVal
PREHOOK: type: CREATETABLE_AS_SELECT
PREHOOK: Input: _dummy_database@_dummy_table
PREHOOK: Output: database:sbx_millerbarr
PREHOOK: Output: sbx_millerbarr@d_calendar
POSTHOOK: query: create table sbx_millerbarr.d_calendar as
select 1 as intVal, '2' as stringVal
union all
select 1 as intVale, '3' as stringVal
POSTHOOK: type: CREATETABLE_AS_SELECT
POSTHOOK: Input: _dummy_database@_dummy_table
POSTHOOK: Output: database:sbx_millerbarr
POSTHOOK: Output: sbx_millerbarr@d_calendar
POSTHOOK: Lineage: d_calendar.intval SIMPLE []
POSTHOOK: Lineage: d_calendar.stringval EXPRESSION []
PREHOOK: query: select * from sbx_millerbarr.d_calendar
PREHOOK: type: QUERY
PREHOOK: Input: sbx_millerbarr@d_calendar
#### A masked pattern was here ####
POSTHOOK: query: select * from sbx_millerbarr.d_calendar
POSTHOOK: type: QUERY
POSTHOOK: Input: sbx_millerbarr@d_calendar
#### A masked pattern was here ####
1	2
1	3
PREHOOK: query: use default
PREHOOK: type: SWITCHDATABASE
PREHOOK: Input: database:default
POSTHOOK: query: use default
POSTHOOK: type: SWITCHDATABASE
POSTHOOK: Input: database:default
PREHOOK: query: analyze table sbx_millerbarr.d_calendar compute statistics
PREHOOK: type: QUERY
PREHOOK: Input: sbx_millerbarr@d_calendar
PREHOOK: Output: sbx_millerbarr@d_calendar
POSTHOOK: query: analyze table sbx_millerbarr.d_calendar compute statistics
POSTHOOK: type: QUERY
POSTHOOK: Input: sbx_millerbarr@d_calendar
POSTHOOK: Output: sbx_millerbarr@d_calendar
PREHOOK: query: analyze table sbx_millerbarr.d_calendar compute statistics for columns
PREHOOK: type: QUERY
PREHOOK: Input: sbx_millerbarr@d_calendar
#### A masked pattern was here ####
PREHOOK: Output: sbx_millerbarr@d_calendar
POSTHOOK: query: analyze table sbx_millerbarr.d_calendar compute statistics for columns
POSTHOOK: type: QUERY
POSTHOOK: Input: sbx_millerbarr@d_calendar
#### A masked pattern was here ####
POSTHOOK: Output: sbx_millerbarr@d_calendar
