Warning: Map Join MAPJOIN[27][bigTable=?] in task 'Map 1' is a cross product
PREHOOK: query: explain
select *
from src
where not key in
(select key from src)
order by key
PREHOOK: type: QUERY
POSTHOOK: query: explain
select *
from src
where not key in
(select key from src)
order by key
POSTHOOK: type: QUERY
Plan optimized by CBO.

Vertex dependency in root stage
Map 1 <- Reducer 4 (BROADCAST_EDGE), Reducer 5 (BROADCAST_EDGE)
Reducer 2 <- Map 1 (SIMPLE_EDGE)
Reducer 4 <- Map 3 (SIMPLE_EDGE)
Reducer 5 <- Map 3 (SIMPLE_EDGE)

Stage-0
  Fetch Operator
    limit:-1
    Stage-1
      Reducer 2 vectorized
      File Output Operator [FS_37]
        Select Operator [SEL_36] (rows=366 width=27)
          Output:["_col0","_col1"]
        <-Map 1 [SIMPLE_EDGE]
          SHUFFLE [RS_22]
            Select Operator [SEL_21] (rows=366 width=27)
              Output:["_col0","_col1"]
              Filter Operator [FIL_20] (rows=366 width=27)
                predicate:((_col2 = 0) or (_col5 is null and _col0 is not null and (_col3 >= _col2)))
                Map Join Operator [MAPJOIN_28] (rows=550 width=27)
                  Conds:MAPJOIN_27._col0=RS_35._col0(Left Outer),HybridGraceHashJoin:true,Output:["_col0","_col1","_col2","_col3","_col5"]
                <-Reducer 5 [BROADCAST_EDGE] vectorized
                  BROADCAST [RS_35]
                    PartitionCols:_col0
                    Select Operator [SEL_34] (rows=250 width=10)
                      Output:["_col0","_col1"]
                      Group By Operator [GBY_33] (rows=250 width=10)
                        Output:["_col0"],keys:KEY._col0
                      <-Map 3 [SIMPLE_EDGE]
                        SHUFFLE [RS_11]
                          PartitionCols:_col0
                          Group By Operator [GBY_10] (rows=500 width=10)
                            Output:["_col0"],keys:key
                            TableScan [TS_2] (rows=500 width=10)
                              default@src,src,Tbl:COMPLETE,Col:NONE,Output:["key"]
                <-Map Join Operator [MAPJOIN_27] (rows=500 width=27)
                    Conds:(Inner),Output:["_col0","_col1","_col2","_col3"]
                  <-Reducer 4 [BROADCAST_EDGE] vectorized
                    BROADCAST [RS_32]
                      Group By Operator [GBY_31] (rows=1 width=16)
                        Output:["_col0","_col1"],aggregations:["count(VALUE._col0)","count(VALUE._col1)"]
                      <-Map 3 [SIMPLE_EDGE]
                        SHUFFLE [RS_5]
                          Group By Operator [GBY_4] (rows=1 width=16)
                            Output:["_col0","_col1"],aggregations:["count()","count(key)"]
                            Select Operator [SEL_3] (rows=500 width=10)
                              Output:["key"]
                               Please refer to the previous TableScan [TS_2]
                  <-Select Operator [SEL_1] (rows=500 width=10)
                      Output:["_col0","_col1"]
                      TableScan [TS_0] (rows=500 width=10)
                        default@src,src,Tbl:COMPLETE,Col:NONE,Output:["key","value"]

Warning: Map Join MAPJOIN[27][bigTable=?] in task 'Map 1' is a cross product
PREHOOK: query: select *
from src
where not key in
(select key from src)
order by key
PREHOOK: type: QUERY
PREHOOK: Input: default@src
#### A masked pattern was here ####
POSTHOOK: query: select *
from src
where not key in
(select key from src)
order by key
POSTHOOK: type: QUERY
POSTHOOK: Input: default@src
#### A masked pattern was here ####
