PREHOOK: query: select
	interval 1 second,
	interval 2  seconds,
        interval 1 minute,
	interval 2  minutes,
	interval 1 hour,
	interval 2  hours,
	interval 1 day,
	interval 2  days,
	interval 1 month,
	interval 2  months,
	interval 1 year,
	interval 2  years
PREHOOK: type: QUERY
PREHOOK: Input: _dummy_database@_dummy_table
#### A masked pattern was here ####
POSTHOOK: query: select
	interval 1 second,
	interval 2  seconds,
        interval 1 minute,
	interval 2  minutes,
	interval 1 hour,
	interval 2  hours,
	interval 1 day,
	interval 2  days,
	interval 1 month,
	interval 2  months,
	interval 1 year,
	interval 2  years
POSTHOOK: type: QUERY
POSTHOOK: Input: _dummy_database@_dummy_table
#### A masked pattern was here ####
0 00:00:01.000000000	0 00:00:02.000000000	0 00:01:00.000000000	0 00:02:00.000000000	0 01:00:00.000000000	0 02:00:00.000000000	1 00:00:00.000000000	2 00:00:00.000000000	0-1	0-2	1-0	2-0
PREHOOK: query: select date '2012-01-01' + interval 30 days
PREHOOK: type: QUERY
PREHOOK: Input: _dummy_database@_dummy_table
#### A masked pattern was here ####
POSTHOOK: query: select date '2012-01-01' + interval 30 days
POSTHOOK: type: QUERY
POSTHOOK: Input: _dummy_database@_dummy_table
#### A masked pattern was here ####
2012-01-31 00:00:00
PREHOOK: query: select date '2012-01-01' - interval 30 days
PREHOOK: type: QUERY
PREHOOK: Input: _dummy_database@_dummy_table
#### A masked pattern was here ####
POSTHOOK: query: select date '2012-01-01' - interval 30 days
POSTHOOK: type: QUERY
POSTHOOK: Input: _dummy_database@_dummy_table
#### A masked pattern was here ####
2011-12-02 00:00:00
PREHOOK: query: create table t (dt int)
PREHOOK: type: CREATETABLE
PREHOOK: Output: database:default
PREHOOK: Output: default@t
POSTHOOK: query: create table t (dt int)
POSTHOOK: type: CREATETABLE
POSTHOOK: Output: database:default
POSTHOOK: Output: default@t
PREHOOK: query: insert into t values (1),(2)
PREHOOK: type: QUERY
PREHOOK: Input: default@values__tmp__table__1
PREHOOK: Output: default@t
POSTHOOK: query: insert into t values (1),(2)
POSTHOOK: type: QUERY
POSTHOOK: Input: default@values__tmp__table__1
POSTHOOK: Output: default@t
POSTHOOK: Lineage: t.dt EXPRESSION [(values__tmp__table__1)values__tmp__table__1.FieldSchema(name:tmp_values_col1, type:string, comment:), ]
PREHOOK: query: -- expressions/columnref
explain
select
	date '2012-01-01' + interval 1 day + interval '2' days
	from t
PREHOOK: type: QUERY
POSTHOOK: query: -- expressions/columnref
explain
select
	date '2012-01-01' + interval 1 day + interval '2' days
	from t
POSTHOOK: type: QUERY
STAGE DEPENDENCIES:
  Stage-0 is a root stage

STAGE PLANS:
  Stage: Stage-0
    Fetch Operator
      limit: -1
      Processor Tree:
        TableScan
          alias: t
          Statistics: Num rows: 2 Data size: 2 Basic stats: COMPLETE Column stats: COMPLETE
          Select Operator
            expressions: 2012-01-04 00:00:00.0 (type: timestamp)
            outputColumnNames: _col0
            Statistics: Num rows: 2 Data size: 80 Basic stats: COMPLETE Column stats: COMPLETE
            ListSink

PREHOOK: query: select
        date '2012-01-01' + interval 1 day + interval '2' days
        from t
PREHOOK: type: QUERY
PREHOOK: Input: default@t
#### A masked pattern was here ####
POSTHOOK: query: select
        date '2012-01-01' + interval 1 day + interval '2' days
        from t
POSTHOOK: type: QUERY
POSTHOOK: Input: default@t
#### A masked pattern was here ####
2012-01-04 00:00:00
2012-01-04 00:00:00
