PREHOOK: query: explain SELECT count(distinct ws1.ws_order_number) as order_count, sum(ws1.ws_ext_ship_cost) as total_shipping_cost, sum(ws1.ws_net_profit) as total_net_profit FROM web_sales ws1 JOIN customer_address ca ON (ws1.ws_ship_addr_sk = ca.ca_address_sk) JOIN web_site s ON (ws1.ws_web_site_sk = s.web_site_sk) JOIN date_dim d ON (ws1.ws_ship_date_sk = d.d_date_sk) LEFT SEMI JOIN (SELECT ws2.ws_order_number as ws_order_number FROM web_sales ws2 JOIN web_sales ws3 ON (ws2.ws_order_number = ws3.ws_order_number) WHERE ws2.ws_warehouse_sk <> ws3.ws_warehouse_sk ) ws_wh1 ON (ws1.ws_order_number = ws_wh1.ws_order_number) LEFT SEMI JOIN (SELECT wr_order_number FROM web_returns wr JOIN (SELECT ws4.ws_order_number as ws_order_number FROM web_sales ws4 JOIN web_sales ws5 ON (ws4.ws_order_number = ws5.ws_order_number) WHERE ws4.ws_warehouse_sk <> ws5.ws_warehouse_sk ) ws_wh2 ON (wr.wr_order_number = ws_wh2.ws_order_number)) tmp1 ON (ws1.ws_order_number = tmp1.wr_order_number) WHERE d.d_date between '2002-05-01' and '2002-06-30' and ca.ca_state = 'GA' and s.web_company_name = 'pri'
PREHOOK: type: QUERY
POSTHOOK: query: explain SELECT count(distinct ws1.ws_order_number) as order_count, sum(ws1.ws_ext_ship_cost) as total_shipping_cost, sum(ws1.ws_net_profit) as total_net_profit FROM web_sales ws1 JOIN customer_address ca ON (ws1.ws_ship_addr_sk = ca.ca_address_sk) JOIN web_site s ON (ws1.ws_web_site_sk = s.web_site_sk) JOIN date_dim d ON (ws1.ws_ship_date_sk = d.d_date_sk) LEFT SEMI JOIN (SELECT ws2.ws_order_number as ws_order_number FROM web_sales ws2 JOIN web_sales ws3 ON (ws2.ws_order_number = ws3.ws_order_number) WHERE ws2.ws_warehouse_sk <> ws3.ws_warehouse_sk ) ws_wh1 ON (ws1.ws_order_number = ws_wh1.ws_order_number) LEFT SEMI JOIN (SELECT wr_order_number FROM web_returns wr JOIN (SELECT ws4.ws_order_number as ws_order_number FROM web_sales ws4 JOIN web_sales ws5 ON (ws4.ws_order_number = ws5.ws_order_number) WHERE ws4.ws_warehouse_sk <> ws5.ws_warehouse_sk ) ws_wh2 ON (wr.wr_order_number = ws_wh2.ws_order_number)) tmp1 ON (ws1.ws_order_number = tmp1.wr_order_number) WHERE d.d_date between '2002-05-01' and '2002-06-30' and ca.ca_state = 'GA' and s.web_company_name = 'pri'
POSTHOOK: type: QUERY
Plan optimized by CBO.

Vertex dependency in root stage
Reducer 12 <- Map 11 (SIMPLE_EDGE), Map 15 (SIMPLE_EDGE)
Reducer 13 <- Map 11 (SIMPLE_EDGE), Map 15 (SIMPLE_EDGE)
Reducer 14 <- Map 16 (SIMPLE_EDGE), Reducer 13 (SIMPLE_EDGE)
Reducer 2 <- Map 1 (SIMPLE_EDGE), Map 8 (SIMPLE_EDGE)
Reducer 3 <- Map 9 (SIMPLE_EDGE), Reducer 2 (SIMPLE_EDGE)
Reducer 4 <- Map 10 (SIMPLE_EDGE), Reducer 3 (SIMPLE_EDGE)
Reducer 5 <- Reducer 12 (SIMPLE_EDGE), Reducer 14 (SIMPLE_EDGE), Reducer 4 (SIMPLE_EDGE)
Reducer 6 <- Reducer 5 (SIMPLE_EDGE)
Reducer 7 <- Reducer 6 (SIMPLE_EDGE)

Stage-0
  Fetch Operator
    limit:-1
    Stage-1
      Reducer 7
      File Output Operator [FS_64]
        Group By Operator [GBY_113] (rows=1 width=344)
          Output:["_col0","_col1","_col2"],aggregations:["count(VALUE._col0)","sum(VALUE._col1)","sum(VALUE._col2)"]
        <-Reducer 6 [SIMPLE_EDGE]
          SHUFFLE [RS_112]
            Group By Operator [GBY_111] (rows=1 width=344)
              Output:["_col0","_col1","_col2"],aggregations:["count(_col0)","sum(_col1)","sum(_col2)"]
              Group By Operator [GBY_110] (rows=421668645 width=135)
                Output:["_col0","_col1","_col2"],aggregations:["sum(VALUE._col0)","sum(VALUE._col1)"],keys:KEY._col0
              <-Reducer 5 [SIMPLE_EDGE]
                SHUFFLE [RS_109]
                  PartitionCols:_col0
                  Group By Operator [GBY_108] (rows=421668645 width=135)
                    Output:["_col0","_col2","_col3"],aggregations:["sum(_col4)","sum(_col5)"],keys:_col3
                    Merge Join Operator [MERGEJOIN_120] (rows=421668645 width=135)
                      Conds:RS_55._col3=RS_56._col0(Left Semi),RS_55._col3=RS_57._col0(Left Semi),Output:["_col3","_col4","_col5"]
                    <-Reducer 12 [SIMPLE_EDGE]
                      SHUFFLE [RS_56]
                        PartitionCols:_col0
                        Group By Operator [GBY_52] (rows=158402938 width=135)
                          Output:["_col0"],keys:_col0
                          Select Operator [SEL_32] (rows=158402938 width=135)
                            Output:["_col0"]
                            Filter Operator [FIL_31] (rows=158402938 width=135)
                              predicate:(_col0 <> _col2)
                              Merge Join Operator [MERGEJOIN_117] (rows=158402938 width=135)
                                Conds:RS_28._col1=RS_29._col1(Inner),Output:["_col0","_col1","_col2"]
                              <-Map 11 [SIMPLE_EDGE]
                                SHUFFLE [RS_28]
                                  PartitionCols:_col1
                                  Select Operator [SEL_24] (rows=144002668 width=135)
                                    Output:["_col0","_col1"]
                                    Filter Operator [FIL_103] (rows=144002668 width=135)
                                      predicate:ws_order_number is not null
                                      TableScan [TS_22] (rows=144002668 width=135)
                                        default@web_sales,ws2,Tbl:COMPLETE,Col:NONE,Output:["ws_warehouse_sk","ws_order_number"]
                              <-Map 15 [SIMPLE_EDGE]
                                SHUFFLE [RS_29]
                                  PartitionCols:_col1
                                  Select Operator [SEL_27] (rows=144002668 width=135)
                                    Output:["_col0","_col1"]
                                    Filter Operator [FIL_104] (rows=144002668 width=135)
                                      predicate:ws_order_number is not null
                                      TableScan [TS_25] (rows=144002668 width=135)
                                        default@web_sales,ws3,Tbl:COMPLETE,Col:NONE,Output:["ws_warehouse_sk","ws_order_number"]
                    <-Reducer 14 [SIMPLE_EDGE]
                      SHUFFLE [RS_57]
                        PartitionCols:_col0
                        Group By Operator [GBY_54] (rows=174243235 width=135)
                          Output:["_col0"],keys:_col0
                          Select Operator [SEL_50] (rows=174243235 width=135)
                            Output:["_col0"]
                            Merge Join Operator [MERGEJOIN_119] (rows=174243235 width=135)
                              Conds:RS_47._col0=RS_48._col0(Inner),Output:["_col1"]
                            <-Map 16 [SIMPLE_EDGE]
                              SHUFFLE [RS_48]
                                PartitionCols:_col0
                                Select Operator [SEL_46] (rows=14398467 width=92)
                                  Output:["_col0"]
                                  Filter Operator [FIL_107] (rows=14398467 width=92)
                                    predicate:wr_order_number is not null
                                    TableScan [TS_44] (rows=14398467 width=92)
                                      default@web_returns,wr,Tbl:COMPLETE,Col:NONE,Output:["wr_order_number"]
                            <-Reducer 13 [SIMPLE_EDGE]
                              SHUFFLE [RS_47]
                                PartitionCols:_col0
                                Select Operator [SEL_43] (rows=158402938 width=135)
                                  Output:["_col0"]
                                  Filter Operator [FIL_42] (rows=158402938 width=135)
                                    predicate:(_col0 <> _col2)
                                    Merge Join Operator [MERGEJOIN_118] (rows=158402938 width=135)
                                      Conds:RS_39._col1=RS_40._col1(Inner),Output:["_col0","_col1","_col2"]
                                    <-Map 11 [SIMPLE_EDGE]
                                      SHUFFLE [RS_39]
                                        PartitionCols:_col1
                                         Please refer to the previous Select Operator [SEL_24]
                                    <-Map 15 [SIMPLE_EDGE]
                                      SHUFFLE [RS_40]
                                        PartitionCols:_col1
                                         Please refer to the previous Select Operator [SEL_27]
                    <-Reducer 4 [SIMPLE_EDGE]
                      SHUFFLE [RS_55]
                        PartitionCols:_col3
                        Merge Join Operator [MERGEJOIN_116] (rows=191667562 width=135)
                          Conds:RS_18._col2=RS_19._col0(Inner),Output:["_col3","_col4","_col5"]
                        <-Map 10 [SIMPLE_EDGE]
                          SHUFFLE [RS_19]
                            PartitionCols:_col0
                            Select Operator [SEL_11] (rows=42 width=1850)
                              Output:["_col0"]
                              Filter Operator [FIL_102] (rows=42 width=1850)
                                predicate:((web_company_name = 'pri') and web_site_sk is not null)
                                TableScan [TS_9] (rows=84 width=1850)
                                  default@web_site,s,Tbl:COMPLETE,Col:NONE,Output:["web_site_sk","web_company_name"]
                        <-Reducer 3 [SIMPLE_EDGE]
                          SHUFFLE [RS_18]
                            PartitionCols:_col2
                            Merge Join Operator [MERGEJOIN_115] (rows=174243235 width=135)
                              Conds:RS_15._col1=RS_16._col0(Inner),Output:["_col2","_col3","_col4","_col5"]
                            <-Map 9 [SIMPLE_EDGE]
                              SHUFFLE [RS_16]
                                PartitionCols:_col0
                                Select Operator [SEL_8] (rows=20000000 width=1014)
                                  Output:["_col0"]
                                  Filter Operator [FIL_101] (rows=20000000 width=1014)
                                    predicate:((ca_state = 'GA') and ca_address_sk is not null)
                                    TableScan [TS_6] (rows=40000000 width=1014)
                                      default@customer_address,ca,Tbl:COMPLETE,Col:NONE,Output:["ca_address_sk","ca_state"]
                            <-Reducer 2 [SIMPLE_EDGE]
                              SHUFFLE [RS_15]
                                PartitionCols:_col1
                                Merge Join Operator [MERGEJOIN_114] (rows=158402938 width=135)
                                  Conds:RS_12._col0=RS_13._col0(Inner),Output:["_col1","_col2","_col3","_col4","_col5"]
                                <-Map 1 [SIMPLE_EDGE]
                                  SHUFFLE [RS_12]
                                    PartitionCols:_col0
                                    Select Operator [SEL_2] (rows=144002668 width=135)
                                      Output:["_col0","_col1","_col2","_col3","_col4","_col5"]
                                      Filter Operator [FIL_99] (rows=144002668 width=135)
                                        predicate:(ws_ship_addr_sk is not null and ws_web_site_sk is not null and ws_ship_date_sk is not null and ws_order_number is not null)
                                        TableScan [TS_0] (rows=144002668 width=135)
                                          default@web_sales,ws1,Tbl:COMPLETE,Col:NONE,Output:["ws_ship_date_sk","ws_ship_addr_sk","ws_web_site_sk","ws_order_number","ws_ext_ship_cost","ws_net_profit"]
                                <-Map 8 [SIMPLE_EDGE]
                                  SHUFFLE [RS_13]
                                    PartitionCols:_col0
                                    Select Operator [SEL_5] (rows=8116 width=1119)
                                      Output:["_col0"]
                                      Filter Operator [FIL_100] (rows=8116 width=1119)
                                        predicate:(d_date BETWEEN '2002-05-01' AND '2002-06-30' and d_date_sk is not null)
                                        TableScan [TS_3] (rows=73049 width=1119)
                                          default@date_dim,d,Tbl:COMPLETE,Col:NONE,Output:["d_date_sk","d_date"]

