PREHOOK: query: explain SELECT count(distinct ws_order_number) as order_count, sum(ws_ext_ship_cost) as total_shipping_cost, sum(ws_net_profit) as total_net_profit FROM web_sales ws1 JOIN customer_address ca ON (ws1.ws_ship_addr_sk = ca.ca_address_sk) JOIN web_site s ON (ws1.ws_web_site_sk = s.web_site_sk) JOIN date_dim d ON (ws1.ws_ship_date_sk = d.d_date_sk) LEFT SEMI JOIN (SELECT ws2.ws_order_number as ws_order_number FROM web_sales ws2 JOIN web_sales ws3 ON (ws2.ws_order_number = ws3.ws_order_number) WHERE ws2.ws_warehouse_sk <> ws3.ws_warehouse_sk ) ws_wh1 ON (ws1.ws_order_number = ws_wh1.ws_order_number) LEFT OUTER JOIN web_returns wr1 ON (ws1.ws_order_number = wr1.wr_order_number) WHERE d.d_date between '1999-05-01' and '1999-07-01' and ca.ca_state = 'TX' and s.web_company_name = 'pri' and wr1.wr_order_number is null limit 100
PREHOOK: type: QUERY
POSTHOOK: query: explain SELECT count(distinct ws_order_number) as order_count, sum(ws_ext_ship_cost) as total_shipping_cost, sum(ws_net_profit) as total_net_profit FROM web_sales ws1 JOIN customer_address ca ON (ws1.ws_ship_addr_sk = ca.ca_address_sk) JOIN web_site s ON (ws1.ws_web_site_sk = s.web_site_sk) JOIN date_dim d ON (ws1.ws_ship_date_sk = d.d_date_sk) LEFT SEMI JOIN (SELECT ws2.ws_order_number as ws_order_number FROM web_sales ws2 JOIN web_sales ws3 ON (ws2.ws_order_number = ws3.ws_order_number) WHERE ws2.ws_warehouse_sk <> ws3.ws_warehouse_sk ) ws_wh1 ON (ws1.ws_order_number = ws_wh1.ws_order_number) LEFT OUTER JOIN web_returns wr1 ON (ws1.ws_order_number = wr1.wr_order_number) WHERE d.d_date between '1999-05-01' and '1999-07-01' and ca.ca_state = 'TX' and s.web_company_name = 'pri' and wr1.wr_order_number is null limit 100
POSTHOOK: type: QUERY
Plan optimized by CBO.

Vertex dependency in root stage
Reducer 12 <- Map 11 (SIMPLE_EDGE), Map 13 (SIMPLE_EDGE)
Reducer 2 <- Map 1 (SIMPLE_EDGE), Map 8 (SIMPLE_EDGE)
Reducer 3 <- Map 9 (SIMPLE_EDGE), Reducer 2 (SIMPLE_EDGE)
Reducer 4 <- Map 10 (SIMPLE_EDGE), Reducer 3 (SIMPLE_EDGE)
Reducer 5 <- Map 14 (SIMPLE_EDGE), Reducer 12 (SIMPLE_EDGE), Reducer 4 (SIMPLE_EDGE)
Reducer 6 <- Reducer 5 (SIMPLE_EDGE)
Reducer 7 <- Reducer 6 (SIMPLE_EDGE)

Stage-0
  Fetch Operator
    limit:100
    Stage-1
      Reducer 7
      File Output Operator [FS_49]
        Limit [LIM_48] (rows=1 width=344)
          Number of rows:100
          Group By Operator [GBY_81] (rows=1 width=344)
            Output:["_col0","_col1","_col2"],aggregations:["count(VALUE._col0)","sum(VALUE._col1)","sum(VALUE._col2)"]
          <-Reducer 6 [SIMPLE_EDGE]
            SHUFFLE [RS_80]
              Group By Operator [GBY_79] (rows=1 width=344)
                Output:["_col0","_col1","_col2"],aggregations:["count(_col0)","sum(_col1)","sum(_col2)"]
                Group By Operator [GBY_78] (rows=210834322 width=135)
                  Output:["_col0","_col1","_col2"],aggregations:["sum(VALUE._col0)","sum(VALUE._col1)"],keys:KEY._col0
                <-Reducer 5 [SIMPLE_EDGE]
                  SHUFFLE [RS_77]
                    PartitionCols:_col0
                    Group By Operator [GBY_76] (rows=210834322 width=135)
                      Output:["_col0","_col2","_col3"],aggregations:["sum(_col4)","sum(_col5)"],keys:_col3
                      Select Operator [SEL_43] (rows=210834322 width=135)
                        Output:["_col3","_col4","_col5"]
                        Filter Operator [FIL_42] (rows=210834322 width=135)
                          predicate:_col12 is null
                          Merge Join Operator [MERGEJOIN_86] (rows=421668645 width=135)
                            Conds:RS_38._col3=RS_39._col0(Left Semi),RS_38._col3=RS_40._col0(Left Outer),Output:["_col3","_col4","_col5","_col12"]
                          <-Map 14 [SIMPLE_EDGE]
                            SHUFFLE [RS_40]
                              PartitionCols:_col0
                              Select Operator [SEL_35] (rows=14398467 width=92)
                                Output:["_col0"]
                                Filter Operator [FIL_75] (rows=14398467 width=92)
                                  predicate:wr_order_number is not null
                                  TableScan [TS_33] (rows=14398467 width=92)
                                    default@web_returns,wr1,Tbl:COMPLETE,Col:NONE,Output:["wr_order_number"]
                          <-Reducer 12 [SIMPLE_EDGE]
                            SHUFFLE [RS_39]
                              PartitionCols:_col0
                              Group By Operator [GBY_37] (rows=158402938 width=135)
                                Output:["_col0"],keys:_col0
                                Select Operator [SEL_32] (rows=158402938 width=135)
                                  Output:["_col0"]
                                  Filter Operator [FIL_31] (rows=158402938 width=135)
                                    predicate:(_col0 <> _col2)
                                    Merge Join Operator [MERGEJOIN_85] (rows=158402938 width=135)
                                      Conds:RS_28._col1=RS_29._col1(Inner),Output:["_col0","_col1","_col2"]
                                    <-Map 11 [SIMPLE_EDGE]
                                      SHUFFLE [RS_28]
                                        PartitionCols:_col1
                                        Select Operator [SEL_24] (rows=144002668 width=135)
                                          Output:["_col0","_col1"]
                                          Filter Operator [FIL_73] (rows=144002668 width=135)
                                            predicate:ws_order_number is not null
                                            TableScan [TS_22] (rows=144002668 width=135)
                                              default@web_sales,ws2,Tbl:COMPLETE,Col:NONE,Output:["ws_warehouse_sk","ws_order_number"]
                                    <-Map 13 [SIMPLE_EDGE]
                                      SHUFFLE [RS_29]
                                        PartitionCols:_col1
                                        Select Operator [SEL_27] (rows=144002668 width=135)
                                          Output:["_col0","_col1"]
                                          Filter Operator [FIL_74] (rows=144002668 width=135)
                                            predicate:ws_order_number is not null
                                            TableScan [TS_25] (rows=144002668 width=135)
                                              default@web_sales,ws3,Tbl:COMPLETE,Col:NONE,Output:["ws_warehouse_sk","ws_order_number"]
                          <-Reducer 4 [SIMPLE_EDGE]
                            SHUFFLE [RS_38]
                              PartitionCols:_col3
                              Merge Join Operator [MERGEJOIN_84] (rows=191667562 width=135)
                                Conds:RS_18._col2=RS_19._col0(Inner),Output:["_col3","_col4","_col5"]
                              <-Map 10 [SIMPLE_EDGE]
                                SHUFFLE [RS_19]
                                  PartitionCols:_col0
                                  Select Operator [SEL_11] (rows=42 width=1850)
                                    Output:["_col0"]
                                    Filter Operator [FIL_72] (rows=42 width=1850)
                                      predicate:((web_company_name = 'pri') and web_site_sk is not null)
                                      TableScan [TS_9] (rows=84 width=1850)
                                        default@web_site,s,Tbl:COMPLETE,Col:NONE,Output:["web_site_sk","web_company_name"]
                              <-Reducer 3 [SIMPLE_EDGE]
                                SHUFFLE [RS_18]
                                  PartitionCols:_col2
                                  Merge Join Operator [MERGEJOIN_83] (rows=174243235 width=135)
                                    Conds:RS_15._col1=RS_16._col0(Inner),Output:["_col2","_col3","_col4","_col5"]
                                  <-Map 9 [SIMPLE_EDGE]
                                    SHUFFLE [RS_16]
                                      PartitionCols:_col0
                                      Select Operator [SEL_8] (rows=20000000 width=1014)
                                        Output:["_col0"]
                                        Filter Operator [FIL_71] (rows=20000000 width=1014)
                                          predicate:((ca_state = 'TX') and ca_address_sk is not null)
                                          TableScan [TS_6] (rows=40000000 width=1014)
                                            default@customer_address,ca,Tbl:COMPLETE,Col:NONE,Output:["ca_address_sk","ca_state"]
                                  <-Reducer 2 [SIMPLE_EDGE]
                                    SHUFFLE [RS_15]
                                      PartitionCols:_col1
                                      Merge Join Operator [MERGEJOIN_82] (rows=158402938 width=135)
                                        Conds:RS_12._col0=RS_13._col0(Inner),Output:["_col1","_col2","_col3","_col4","_col5"]
                                      <-Map 1 [SIMPLE_EDGE]
                                        SHUFFLE [RS_12]
                                          PartitionCols:_col0
                                          Select Operator [SEL_2] (rows=144002668 width=135)
                                            Output:["_col0","_col1","_col2","_col3","_col4","_col5"]
                                            Filter Operator [FIL_69] (rows=144002668 width=135)
                                              predicate:(ws_ship_addr_sk is not null and ws_web_site_sk is not null and ws_ship_date_sk is not null and ws_order_number is not null)
                                              TableScan [TS_0] (rows=144002668 width=135)
                                                default@web_sales,ws1,Tbl:COMPLETE,Col:NONE,Output:["ws_ship_date_sk","ws_ship_addr_sk","ws_web_site_sk","ws_order_number","ws_ext_ship_cost","ws_net_profit"]
                                      <-Map 8 [SIMPLE_EDGE]
                                        SHUFFLE [RS_13]
                                          PartitionCols:_col0
                                          Select Operator [SEL_5] (rows=8116 width=1119)
                                            Output:["_col0"]
                                            Filter Operator [FIL_70] (rows=8116 width=1119)
                                              predicate:(d_date BETWEEN '1999-05-01' AND '1999-07-01' and d_date_sk is not null)
                                              TableScan [TS_3] (rows=73049 width=1119)
                                                default@date_dim,d,Tbl:COMPLETE,Col:NONE,Output:["d_date_sk","d_date"]

