PREHOOK: query: DROP TABLE keyval1
PREHOOK: type: DROPTABLE
POSTHOOK: query: DROP TABLE keyval1
POSTHOOK: type: DROPTABLE
PREHOOK: query: DROP TABLE keyval2
PREHOOK: type: DROPTABLE
POSTHOOK: query: DROP TABLE keyval2
POSTHOOK: type: DROPTABLE
PREHOOK: query: CREATE TABLE keyval1 (
    key int,
    value string)
STORED AS TEXTFILE
#### A masked pattern was here ####
PREHOOK: type: CREATETABLE
PREHOOK: Input: ### test.blobstore.path ###/map_join/keyval1
PREHOOK: Output: database:default
PREHOOK: Output: default@keyval1
POSTHOOK: query: CREATE TABLE keyval1 (
    key int,
    value string)
STORED AS TEXTFILE
#### A masked pattern was here ####
POSTHOOK: type: CREATETABLE
POSTHOOK: Input: ### test.blobstore.path ###/map_join/keyval1
POSTHOOK: Output: database:default
POSTHOOK: Output: default@keyval1
PREHOOK: query: LOAD DATA LOCAL INPATH '../../data/files/srcbucket1.txt' INTO TABLE keyval1
PREHOOK: type: LOAD
#### A masked pattern was here ####
PREHOOK: Output: default@keyval1
POSTHOOK: query: LOAD DATA LOCAL INPATH '../../data/files/srcbucket1.txt' INTO TABLE keyval1
POSTHOOK: type: LOAD
#### A masked pattern was here ####
POSTHOOK: Output: default@keyval1
PREHOOK: query: CREATE TABLE keyval2 (
    key int,
    value string)
STORED AS TEXTFILE
#### A masked pattern was here ####
PREHOOK: type: CREATETABLE
PREHOOK: Input: ### test.blobstore.path ###/map_join/keyval2
PREHOOK: Output: database:default
PREHOOK: Output: default@keyval2
POSTHOOK: query: CREATE TABLE keyval2 (
    key int,
    value string)
STORED AS TEXTFILE
#### A masked pattern was here ####
POSTHOOK: type: CREATETABLE
POSTHOOK: Input: ### test.blobstore.path ###/map_join/keyval2
POSTHOOK: Output: database:default
POSTHOOK: Output: default@keyval2
PREHOOK: query: LOAD DATA LOCAL INPATH '../../data/files/srcbucket0.txt' INTO TABLE keyval2
PREHOOK: type: LOAD
#### A masked pattern was here ####
PREHOOK: Output: default@keyval2
POSTHOOK: query: LOAD DATA LOCAL INPATH '../../data/files/srcbucket0.txt' INTO TABLE keyval2
POSTHOOK: type: LOAD
#### A masked pattern was here ####
POSTHOOK: Output: default@keyval2
PREHOOK: query: SELECT /*+ MAPJOIN(x) */ x.key, x.value, y.value
FROM keyval1 x
JOIN keyval2 y ON (x.value = y.value)
PREHOOK: type: QUERY
PREHOOK: Input: default@keyval1
PREHOOK: Input: default@keyval2
#### A masked pattern was here ####
POSTHOOK: query: SELECT /*+ MAPJOIN(x) */ x.key, x.value, y.value
FROM keyval1 x
JOIN keyval2 y ON (x.value = y.value)
POSTHOOK: type: QUERY
POSTHOOK: Input: default@keyval1
POSTHOOK: Input: default@keyval2
#### A masked pattern was here ####
475	val_475	val_475
469	val_469	val_469
469	val_469	val_469
469	val_469	val_469
469	val_469	val_469
469	val_469	val_469
273	val_273	val_273
273	val_273	val_273
273	val_273	val_273
449	val_449	val_449
247	val_247	val_247
429	val_429	val_429
429	val_429	val_429
491	val_491	val_491
403	val_403	val_403
403	val_403	val_403
403	val_403	val_403
129	val_129	val_129
129	val_129	val_129
11	val_11	val_11
111	val_111	val_111
241	val_241	val_241
287	val_287	val_287
409	val_409	val_409
409	val_409	val_409
409	val_409	val_409
477	val_477	val_477
483	val_483	val_483
495	val_495	val_495
489	val_489	val_489
489	val_489	val_489
489	val_489	val_489
489	val_489	val_489
95	val_95	val_95
95	val_95	val_95
51	val_51	val_51
51	val_51	val_51
403	val_403	val_403
403	val_403	val_403
403	val_403	val_403
129	val_129	val_129
129	val_129	val_129
469	val_469	val_469
469	val_469	val_469
469	val_469	val_469
469	val_469	val_469
469	val_469	val_469
315	val_315	val_315
345	val_345	val_345
5	val_5	val_5
5	val_5	val_5
5	val_5	val_5
207	val_207	val_207
207	val_207	val_207
57	val_57	val_57
255	val_255	val_255
255	val_255	val_255
305	val_305	val_305
265	val_265	val_265
265	val_265	val_265
197	val_197	val_197
197	val_197	val_197
239	val_239	val_239
239	val_239	val_239
493	val_493	val_493
83	val_83	val_83
83	val_83	val_83
87	val_87	val_87
439	val_439	val_439
439	val_439	val_439
223	val_223	val_223
223	val_223	val_223
43	val_43	val_43
339	val_339	val_339
69	val_69	val_69
17	val_17	val_17
493	val_493	val_493
377	val_377	val_377
307	val_307	val_307
307	val_307	val_307
427	val_427	val_427
133	val_133	val_133
389	val_389	val_389
285	val_285	val_285
247	val_247	val_247
263	val_263	val_263
439	val_439	val_439
439	val_439	val_439
353	val_353	val_353
353	val_353	val_353
481	val_481	val_481
103	val_103	val_103
103	val_103	val_103
481	val_481	val_481
393	val_393	val_393
477	val_477	val_477
175	val_175	val_175
175	val_175	val_175
265	val_265	val_265
265	val_265	val_265
341	val_341	val_341
485	val_485	val_485
165	val_165	val_165
165	val_165	val_165
119	val_119	val_119
119	val_119	val_119
119	val_119	val_119
311	val_311	val_311
311	val_311	val_311
311	val_311	val_311
105	val_105	val_105
327	val_327	val_327
327	val_327	val_327
327	val_327	val_327
213	val_213	val_213
213	val_213	val_213
309	val_309	val_309
309	val_309	val_309
417	val_417	val_417
417	val_417	val_417
417	val_417	val_417
43	val_43	val_43
455	val_455	val_455
365	val_365	val_365
53	val_53	val_53
41	val_41	val_41
9	val_9	val_9
169	val_169	val_169
169	val_169	val_169
169	val_169	val_169
169	val_169	val_169
325	val_325	val_325
325	val_325	val_325
311	val_311	val_311
311	val_311	val_311
311	val_311	val_311
207	val_207	val_207
207	val_207	val_207
207	val_207	val_207
207	val_207	val_207
263	val_263	val_263
323	val_323	val_323
77	val_77	val_77
43	val_43	val_43
105	val_105	val_105
407	val_407	val_407
33	val_33	val_33
133	val_133	val_133
193	val_193	val_193
193	val_193	val_193
193	val_193	val_193
353	val_353	val_353
353	val_353	val_353
53	val_53	val_53
331	val_331	val_331
331	val_331	val_331
455	val_455	val_455
77	val_77	val_77
175	val_175	val_175
175	val_175	val_175
413	val_413	val_413
413	val_413	val_413
17	val_17	val_17
205	val_205	val_205
205	val_205	val_205
275	val_275	val_275
375	val_375	val_375
495	val_495	val_495
217	val_217	val_217
217	val_217	val_217
197	val_197	val_197
197	val_197	val_197
399	val_399	val_399
399	val_399	val_399
335	val_335	val_335
443	val_443	val_443
53	val_53	val_53
393	val_393	val_393
105	val_105	val_105
437	val_437	val_437
157	val_157	val_157
119	val_119	val_119
119	val_119	val_119
119	val_119	val_119
285	val_285	val_285
165	val_165	val_165
165	val_165	val_165
137	val_137	val_137
137	val_137	val_137
463	val_463	val_463
463	val_463	val_463
497	val_497	val_497
145	val_145	val_145
409	val_409	val_409
409	val_409	val_409
409	val_409	val_409
153	val_153	val_153
183	val_183	val_183
475	val_475	val_475
311	val_311	val_311
311	val_311	val_311
311	val_311	val_311
53	val_53	val_53
487	val_487	val_487
153	val_153	val_153
379	val_379	val_379
257	val_257	val_257
413	val_413	val_413
413	val_413	val_413
41	val_41	val_41
479	val_479	val_479
179	val_179	val_179
179	val_179	val_179
157	val_157	val_157
229	val_229	val_229
229	val_229	val_229
249	val_249	val_249
403	val_403	val_403
403	val_403	val_403
403	val_403	val_403
163	val_163	val_163
277	val_277	val_277
277	val_277	val_277
277	val_277	val_277
277	val_277	val_277
47	val_47	val_47
197	val_197	val_197
197	val_197	val_197
411	val_411	val_411
83	val_83	val_83
83	val_83	val_83
309	val_309	val_309
309	val_309	val_309
431	val_431	val_431
431	val_431	val_431
431	val_431	val_431
469	val_469	val_469
469	val_469	val_469
469	val_469	val_469
469	val_469	val_469
469	val_469	val_469
153	val_153	val_153
77	val_77	val_77
479	val_479	val_479
119	val_119	val_119
119	val_119	val_119
119	val_119	val_119
179	val_179	val_179
179	val_179	val_179
85	val_86	val_86
277	val_278	val_278
277	val_278	val_278
97	val_98	val_98
97	val_98	val_98
149	val_150	val_150
65	val_66	val_66
65	val_66	val_66
405	val_406	val_406
373	val_374	val_374
151	val_152	val_152
151	val_152	val_152
165	val_166	val_166
429	val_430	val_430
429	val_430	val_430
291	val_292	val_292
291	val_292	val_292
337	val_338	val_338
393	val_394	val_394
393	val_394	val_394
481	val_482	val_482
395	val_396	val_396
395	val_396	val_396
161	val_162	val_162
161	val_162	val_162
161	val_162	val_162
161	val_162	val_162
265	val_266	val_266
341	val_342	val_342
341	val_342	val_342
341	val_342	val_342
437	val_438	val_438
19	val_20	val_20
91	val_92	val_92
71	val_72	val_72
3	val_4	val_4
355	val_356	val_356
355	val_356	val_356
381	val_382	val_382
497	val_498	val_498
497	val_498	val_498
385	val_386	val_386
385	val_386	val_386
191	val_192	val_192
285	val_286	val_286
175	val_176	val_176
175	val_176	val_176
53	val_54	val_54
137	val_138	val_138
215	val_216	val_216
429	val_430	val_430
429	val_430	val_430
277	val_278	val_278
277	val_278	val_278
175	val_176	val_176
175	val_176	val_176
317	val_318	val_318
331	val_332	val_332
331	val_332	val_332
179	val_180	val_180
11	val_12	val_12
11	val_12	val_12
11	val_12	val_12
259	val_260	val_260
259	val_260	val_260
271	val_272	val_272
137	val_138	val_138
347	val_348	val_348
347	val_348	val_348
347	val_348	val_348
347	val_348	val_348
23	val_24	val_24
157	val_158	val_158
157	val_158	val_158
495	val_496	val_496
467	val_468	val_468
453	val_454	val_454
99	val_100	val_100
119	val_120	val_120
119	val_120	val_120
119	val_120	val_120
435	val_436	val_436
467	val_468	val_468
287	val_288	val_288
287	val_288	val_288
97	val_98	val_98
97	val_98	val_98
281	val_282	val_282
281	val_282	val_282
281	val_282	val_282
317	val_318	val_318
317	val_318	val_318
469	val_470	val_470
489	val_490	val_490
363	val_364	val_364
363	val_364	val_364
363	val_364	val_364
117	val_118	val_118
117	val_118	val_118
133	val_134	val_134
281	val_282	val_282
281	val_282	val_282
281	val_282	val_282
137	val_138	val_138
117	val_118	val_118
117	val_118	val_118
71	val_72	val_72
89	val_90	val_90
89	val_90	val_90
89	val_90	val_90
305	val_306	val_306
241	val_242	val_242
241	val_242	val_242
241	val_242	val_242
241	val_242	val_242
391	val_392	val_392
391	val_392	val_392
271	val_272	val_272
241	val_242	val_242
241	val_242	val_242
241	val_242	val_242
241	val_242	val_242
451	val_452	val_452
401	val_402	val_402
395	val_396	val_396
395	val_396	val_396
335	val_336	val_336
335	val_336	val_336
167	val_168	val_168
33	val_34	val_34
497	val_498	val_498
497	val_498	val_498
429	val_430	val_430
429	val_430	val_430
457	val_458	val_458
457	val_458	val_458
77	val_78	val_78
77	val_78	val_78
75	val_76	val_76
491	val_492	val_492
491	val_492	val_492
217	val_218	val_218
217	val_218	val_218
227	val_228	val_228
137	val_138	val_138
29	val_30	val_30
29	val_30	val_30
63	val_64	val_64
467	val_468	val_468
75	val_76	val_76
341	val_342	val_342
341	val_342	val_342
341	val_342	val_342
367	val_368	val_368
367	val_368	val_368
295	val_296	val_296
295	val_296	val_296
215	val_216	val_216
343	val_344	val_344
273	val_274	val_274
69	val_70	val_70
287	val_288	val_288
287	val_288	val_288
243	val_244	val_244
243	val_244	val_244
437	val_438	val_438
431	val_432	val_432
1	val_2	val_2
405	val_406	val_406
189	val_190	val_190
405	val_406	val_406
257	val_258	val_258
257	val_258	val_258
89	val_90	val_90
89	val_90	val_90
89	val_90	val_90
261	val_262	val_262
347	val_348	val_348
347	val_348	val_348
423	val_424	val_424
11	val_12	val_12
11	val_12	val_12
11	val_12	val_12
395	val_396	val_396
395	val_396	val_396
453	val_454	val_454
477	val_478	val_478
423	val_424	val_424
381	val_382	val_382
69	val_70	val_70
23	val_24	val_24
69	val_70	val_70
437	val_438	val_438
413	val_414	val_414
199	val_200	val_200
443	val_444	val_444
443	val_444	val_444
443	val_444	val_444
119	val_120	val_120
119	val_120	val_120
119	val_120	val_120
477	val_478	val_478
177	val_178	val_178
177	val_178	val_178
467	val_468	val_468
309	val_310	val_310
459	val_460	val_460
135	val_136	val_136
135	val_136	val_136
135	val_136	val_136
213	val_214	val_214
461	val_462	val_462
405	val_406	val_406
453	val_454	val_454
133	val_134	val_134
461	val_462	val_462
491	val_492	val_492
491	val_492	val_492
99	val_100	val_100
497	val_498	val_498
497	val_498	val_498
457	val_458	val_458
457	val_458	val_458
185	val_186	val_186
347	val_348	val_348
347	val_348	val_348
343	val_344	val_344
447	val_448	val_448
151	val_152	val_152
151	val_152	val_152
347	val_348	val_348
347	val_348	val_348
413	val_414	val_414
125	val_126	val_126
89	val_90	val_90
89	val_90	val_90
89	val_90	val_90
399	val_400	val_400
399	val_400	val_400
199	val_200	val_200
