PREHOOK: query: drop table if exists srcpart_acid
PREHOOK: type: DROPTABLE
POSTHOOK: query: drop table if exists srcpart_acid
POSTHOOK: type: DROPTABLE
PREHOOK: query: CREATE TABLE srcpart_acid (key STRING, value STRING) PARTITIONED BY (ds STRING, hr STRING) stored as ORC TBLPROPERTIES ('transactional'='true', 'transactional_properties'='default')
PREHOOK: type: CREATETABLE
PREHOOK: Output: database:default
PREHOOK: Output: default@srcpart_acid
FAILED: Execution Error, return code 1 from org.apache.hadoop.hive.ql.exec.DDLTask. MetaException(message:The table must be bucketed and stored using an ACID compliant format (such as ORC))
