FAILED: SemanticException [Error 10002]: Line 4:82 Invalid column reference 'part': (possible column names are: p_partkey, p_name, p_mfgr, p_brand, p_type, p_size, p_container, p_retailprice, p_comment)
